
Circuit 1 cell sky130_fd_pr__nfet_01v8 and Circuit 2 cell sky130_fd_pr__nfet_01v8 are black boxes.
Warning: Equate pins:  cell sky130_fd_pr__nfet_01v8 is a placeholder, treated as a black box.
Warning: Equate pins:  cell sky130_fd_pr__nfet_01v8 is a placeholder, treated as a black box.

Subcircuit pins:
Circuit 1: sky130_fd_pr__nfet_01v8         |Circuit 2: sky130_fd_pr__nfet_01v8         
-------------------------------------------|-------------------------------------------
1                                          |1                                          
2                                          |2                                          
3                                          |3                                          
4                                          |4                                          
---------------------------------------------------------------------------------------
Cell pin lists are equivalent.
Device classes sky130_fd_pr__nfet_01v8 and sky130_fd_pr__nfet_01v8 are equivalent.

Circuit 1 cell sky130_fd_pr__pfet_01v8_hvt and Circuit 2 cell sky130_fd_pr__pfet_01v8_hvt are black boxes.
Warning: Equate pins:  cell sky130_fd_pr__pfet_01v8_hvt is a placeholder, treated as a black box.
Warning: Equate pins:  cell sky130_fd_pr__pfet_01v8_hvt is a placeholder, treated as a black box.

Subcircuit pins:
Circuit 1: sky130_fd_pr__pfet_01v8_hvt     |Circuit 2: sky130_fd_pr__pfet_01v8_hvt     
-------------------------------------------|-------------------------------------------
1                                          |1                                          
2                                          |2                                          
3                                          |3                                          
4                                          |4                                          
---------------------------------------------------------------------------------------
Cell pin lists are equivalent.
Device classes sky130_fd_pr__pfet_01v8_hvt and sky130_fd_pr__pfet_01v8_hvt are equivalent.
Flattening unmatched subcell sky130_fd_sc_hd__nand2_4 in circuit B_CDAC (1)(1 instance)

Class B_CDAC (0):  Merged 12 parallel devices.
Class B_CDAC (1):  Merged 12 parallel devices.
Subcircuit summary:
Circuit 1: B_CDAC                          |Circuit 2: B_CDAC                          
-------------------------------------------|-------------------------------------------
sky130_fd_pr__pfet_01v8_hvt (8->2)         |sky130_fd_pr__pfet_01v8_hvt (8->2)         
sky130_fd_pr__nfet_01v8 (8->2)             |sky130_fd_pr__nfet_01v8 (8->2)             
Number of devices: 4                       |Number of devices: 4                       
Number of nets: 6                          |Number of nets: 6                          
---------------------------------------------------------------------------------------
Netlists match uniquely.

Subcircuit pins:
Circuit 1: B_CDAC                          |Circuit 2: B_CDAC                          
-------------------------------------------|-------------------------------------------
vdd                                        |vdd                                        
clki                                       |clki                                       
data                                       |data                                       
vss                                        |vss                                        
B_out                                      |B_out                                      
---------------------------------------------------------------------------------------
Cell pin lists are equivalent.
Device classes B_CDAC and B_CDAC are equivalent.

Final result: Circuits match uniquely.
.
